{
    "stickers": {
        "path": "c:\\NTUST\\GameLab\\Project\\Automatic_Slot_Bot\\SlotGame_AutoBot\\images\\golden\\segmented_image\\cropped_image_8_contour_1.png",
        "confidence": 0.9652833938598633,
        "contour": [
            82,
            526,
            2,
            3
        ],
        "value": null
    },
    "button_start_spin": {
        "path": "c:\\NTUST\\GameLab\\Project\\Automatic_Slot_Bot\\SlotGame_AutoBot\\images\\golden\\segmented_image\\cropped_image_16_contour_0.png",
        "confidence": 0.7411540150642395,
        "contour": [
            391,
            869,
            82,
            58
        ],
        "value": null
    },
    "button_three_dot": {
        "path": "c:\\NTUST\\GameLab\\Project\\Automatic_Slot_Bot\\SlotGame_AutoBot\\images\\golden\\segmented_image\\cropped_image_66_contour_0.png",
        "confidence": 0.47296300530433655,
        "contour": [
            458,
            83,
            43,
            44
        ],
        "value": null
    },
    "button_max_bet": {
        "path": "c:\\NTUST\\GameLab\\Project\\Automatic_Slot_Bot\\SlotGame_AutoBot\\images\\golden\\segmented_image\\cropped_image_69_contour_0.png",
        "confidence": 0.5095938444137573,
        "contour": [
            336,
            869,
            49,
            29
        ],
        "value": null
    },
    "button_increase_bet": {
        "path": "c:\\NTUST\\GameLab\\Project\\Automatic_Slot_Bot\\SlotGame_AutoBot\\images\\golden\\segmented_image\\cropped_image_65_contour_0.png",
        "confidence": 0.5974780321121216,
        "contour": [
            149,
            869,
            24,
            59
        ],
        "value": null
    },
    "button_additional_bet": {
        "path": "c:\\NTUST\\GameLab\\Project\\Automatic_Slot_Bot\\SlotGame_AutoBot\\images\\golden\\segmented_image\\cropped_image_47_contour_0.png",
        "confidence": 0.36232081055641174,
        "contour": [
            46,
            846,
            121,
            26
        ],
        "value": null
    },
    "button_decrease_bet": {
        "path": "c:\\NTUST\\GameLab\\Project\\Automatic_Slot_Bot\\SlotGame_AutoBot\\images\\golden\\segmented_image\\cropped_image_72_contour_0.png",
        "confidence": 0.5923694968223572,
        "contour": [
            35,
            869,
            23,
            58
        ],
        "value": null
    },
    "button_speedup_spin": {
        "path": "c:\\NTUST\\GameLab\\Project\\Automatic_Slot_Bot\\SlotGame_AutoBot\\images\\golden\\segmented_image\\cropped_image_68_contour_0.png",
        "confidence": 0.35394802689552307,
        "contour": [
            336,
            898,
            49,
            29
        ],
        "value": null
    }
}